{
  "Data": {
    "registerAttendee": {
      "attendee": {
        "id": "QXR0ZW5kZWUKaTE="
      }
    }
  },
  "Extensions": {},
  "Errors": [],
  "ContextData": {}
}
